<?xml version="1.0" encoding="UTF-8"?>
<testsuites name="jest tests" tests="1" failures="0" time="1.032">
  <testsuite name="globalThis" errors="0" failures="0" skipped="0" timestamp="2019-06-03T09:58:51" time="0.468" tests="1">
    <testcase classname="globalThis Polyfill" name="globalThis Polyfill" time="0.006">
    </testcase>
  </testsuite>
</testsuites>